> Task :itdg-analyzer:processResources UP-TO-DATE
> Task :itdg-analyzer:processTestResources NO-SOURCE
> Task :itdg-common:compileJava UP-TO-DATE
> Task :itdg-common:processResources NO-SOURCE
> Task :itdg-common:classes UP-TO-DATE
> Task :itdg-common:jar UP-TO-DATE

> Task :itdg-analyzer:compileJava
./gradlew : C:\Users\源紐낇샇\IdeaProjects\Intelligent_Test_Data_Generator\it
dg-analyzer\src\main\java\com\itdg\analyzer\service\parser\JPAProjectParse
r.java:10: error: package com.github.javaparser.symbolsolver does not exis
t
위치 줄:1 문자:1
+ ./gradlew :itdg-analyzer:test --tests "com.itdg.analyzer.service.GitA ..
.
+ ~~~~~~~~~~~~~~~~~~~~~~~~~~~~~~~~~~~~~~~~~~~~~~~~~~~~~~~~~~~~~~~~~~~~~
    + CategoryInfo          : NotSpecified: (C:\Users\源紐낇샇\... does not  
   exist:String) [], RemoteException
    + FullyQualifiedErrorId : NativeCommandError
 
import com.github.javaparser.symbolsolver.JavaSymbolSolver;
                                         ^
C:\Users\源紐낇샇\IdeaProjects\Intelligent_Test_Data_Generator\itdg-analyzer\
src\main\java\com\itdg\analyzer\service\parser\JPAProjectParser.java:11: e
rror: package com.github.javaparser.symbolsolver.resolution.typesolvers do
es not exist
import com.github.javaparser.symbolsolver.resolution.typesolvers.CombinedT
ypeSolver;
                                                                ^
C:\Users\源紐낇샇\IdeaProjects\Intelligent_Test_Data_Generator\itdg-analyzer\
src\main\java\com\itdg\analyzer\service\parser\JPAProjectParser.java:12: e
rror: package com.github.javaparser.symbolsolver.resolution.typesolvers do
es not exist
import com.github.javaparser.symbolsolver.resolution.typesolvers.Reflectio
nTypeSolver;
                                                                ^
3 errors

> Task :itdg-analyzer:compileJava FAILED

[Incubating] Problems report is available at: file:///C:/Users/%EA%B9%80%EB%AA%85%ED%98%B8/IdeaProjects/Intelligent_Test_Data_Generator/build/reports/problems/problems-report.html

FAILURE: Build failed with an exception.

* What went wrong:
Execution failed for task ':itdg-analyzer:compileJava'.
> Compilation failed; see the compiler output below.
  C:\Users\源紐낇샇\IdeaProjects\Intelligent_Test_Data_Generator\itdg-analyze
r\src\main\java\com\itdg\analyzer\service\parser\JPAProjectParser.java:10:
 error: package com.github.javaparser.symbolsolver does not exist
  import com.github.javaparser.symbolsolver.JavaSymbolSolver;
                                           ^
  C:\Users\源紐낇샇\IdeaProjects\Intelligent_Test_Data_Generator\itdg-analyze
r\src\main\java\com\itdg\analyzer\service\parser\JPAProjectParser.java:11:
 error: package com.github.javaparser.symbolsolver.resolution.typesolvers 
does not exist
  import com.github.javaparser.symbolsolver.resolution.typesolvers.Combine
dTypeSolver;
                                                                  ^
  C:\Users\源紐낇샇\IdeaProjects\Intelligent_Test_Data_Generator\itdg-analyze
r\src\main\java\com\itdg\analyzer\service\parser\JPAProjectParser.java:12:
 error: package com.github.javaparser.symbolsolver.resolution.typesolvers 
does not exist
  import com.github.javaparser.symbolsolver.resolution.typesolvers.Reflect
ionTypeSolver;
                                                                  ^
  3 errors

* Try:
> Check your code and dependencies to fix the compilation error(s)
> Run with --scan to generate a Build Scan (powered by Develocity).

Deprecated Gradle features were used in this build, making it incompatible with Gradle 10.

You can use '--warning-mode all' to show the individual deprecation warnings and determine if they come from your own scripts or plugins.

For more on this, please refer to https://docs.gradle.org/9.2.1/userguide/command_line_interface.html#sec:command_line_warnings in the Gradle documentation.

BUILD FAILED in 7s
4 actionable tasks: 1 executed, 3 up-to-date
